// Jest Snapshot v1, https://goo.gl/fbAQLP

exports[`Test snapshot of App component 1`] = `
Object {
  "asFragment": [Function],
  "baseElement": <body>
    <div>
      <div
        class="App"
      >
        <p>
          Test First React app
        </p>
        <br />
        <img
          alt="img"
          src="https://images.pexels.com/photos/170811/pexels-photo-170811.jpeg?cs=srgb&dl=pexels-mike-bird-170811.jpg&fm=jpg"
          style="width: 500px;"
          title="Car Image"
        />
        <br />
        <input
          type="text"
          value=""
        />
        <button>
          Update screen
        </button>
        <p />
      </div>
    </div>
  </body>,
  "container": <div>
    <div
      class="App"
    >
      <p>
        Test First React app
      </p>
      <br />
      <img
        alt="img"
        src="https://images.pexels.com/photos/170811/pexels-photo-170811.jpeg?cs=srgb&dl=pexels-mike-bird-170811.jpg&fm=jpg"
        style="width: 500px;"
        title="Car Image"
      />
      <br />
      <input
        type="text"
        value=""
      />
      <button>
        Update screen
      </button>
      <p />
    </div>
  </div>,
  "debug": [Function],
  "findAllByAltText": [Function],
  "findAllByDisplayValue": [Function],
  "findAllByLabelText": [Function],
  "findAllByPlaceholderText": [Function],
  "findAllByRole": [Function],
  "findAllByTestId": [Function],
  "findAllByText": [Function],
  "findAllByTitle": [Function],
  "findByAltText": [Function],
  "findByDisplayValue": [Function],
  "findByLabelText": [Function],
  "findByPlaceholderText": [Function],
  "findByRole": [Function],
  "findByTestId": [Function],
  "findByText": [Function],
  "findByTitle": [Function],
  "getAllByAltText": [Function],
  "getAllByDisplayValue": [Function],
  "getAllByLabelText": [Function],
  "getAllByPlaceholderText": [Function],
  "getAllByRole": [Function],
  "getAllByTestId": [Function],
  "getAllByText": [Function],
  "getAllByTitle": [Function],
  "getByAltText": [Function],
  "getByDisplayValue": [Function],
  "getByLabelText": [Function],
  "getByPlaceholderText": [Function],
  "getByRole": [Function],
  "getByTestId": [Function],
  "getByText": [Function],
  "getByTitle": [Function],
  "queryAllByAltText": [Function],
  "queryAllByDisplayValue": [Function],
  "queryAllByLabelText": [Function],
  "queryAllByPlaceholderText": [Function],
  "queryAllByRole": [Function],
  "queryAllByTestId": [Function],
  "queryAllByText": [Function],
  "queryAllByTitle": [Function],
  "queryByAltText": [Function],
  "queryByDisplayValue": [Function],
  "queryByLabelText": [Function],
  "queryByPlaceholderText": [Function],
  "queryByRole": [Function],
  "queryByTestId": [Function],
  "queryByText": [Function],
  "queryByTitle": [Function],
  "rerender": [Function],
  "unmount": [Function],
}
`;
